MPLINK 4.50, Linker
Linker Map File - Created Fri Oct 18 21:32:49 2013

                                 Section Info
                  Section       Type    Address   Location Size(Bytes)
                ---------  ---------  ---------  ---------  ---------
                 RES_VECT       code   0x000000    program   0x000004
                   .cinit    romdata   0x000002    program   0x000004
                 ISR_VECT       code   0x000004    program   0x000002
                MAIN_PROG       code   0x000005    program   0x000350
.config_2007_BUILD/DEFAULT/PRODUCTION/MAIN.O       code   0x002007    program   0x000002



                              Program Memory Usage 
                               Start         End      
                           ---------   ---------      
                            0x000000    0x0001ac      
                            0x002007    0x002007      
            430 out of 2310 program addresses used, program memory utilization is 18%



                              Symbols - Sorted by Name
                     Name    Address   Location    Storage File                     
                ---------  ---------  ---------  --------- ---------                
               Alarm_TMax   0x000115    program     static /home/kwendenarmo/MPLABXProjects/pcm-gauge-lipo6s.X/main.asm
               Alarm_VMax   0x0000fb    program     static /home/kwendenarmo/MPLABXProjects/pcm-gauge-lipo6s.X/main.asm
               Alarm_VMin   0x0000e1    program     static /home/kwendenarmo/MPLABXProjects/pcm-gauge-lipo6s.X/main.asm
              Delay_250ms   0x00019f    program     static /home/kwendenarmo/MPLABXProjects/pcm-gauge-lipo6s.X/main.asm
            Delay_250ms_0   0x0001a5    program     static /home/kwendenarmo/MPLABXProjects/pcm-gauge-lipo6s.X/main.asm
                Delay_4us   0x000191    program     static /home/kwendenarmo/MPLABXProjects/pcm-gauge-lipo6s.X/main.asm
               Delay_75ms   0x000194    program     static /home/kwendenarmo/MPLABXProjects/pcm-gauge-lipo6s.X/main.asm
             Delay_75ms_0   0x000198    program     static /home/kwendenarmo/MPLABXProjects/pcm-gauge-lipo6s.X/main.asm
             LPF_ADC_Read   0x000127    program     static /home/kwendenarmo/MPLABXProjects/pcm-gauge-lipo6s.X/main.asm
            Set_Dutycycle   0x000181    program     static /home/kwendenarmo/MPLABXProjects/pcm-gauge-lipo6s.X/main.asm
          _MAIN_PROG_0023   0x000028    program     static /home/kwendenarmo/MPLABXProjects/pcm-gauge-lipo6s.X/main.asm
          _MAIN_PROG_002C   0x000031    program     static /home/kwendenarmo/MPLABXProjects/pcm-gauge-lipo6s.X/main.asm
          _MAIN_PROG_002F   0x000034    program     static /home/kwendenarmo/MPLABXProjects/pcm-gauge-lipo6s.X/main.asm
          _MAIN_PROG_0048   0x00004d    program     static /home/kwendenarmo/MPLABXProjects/pcm-gauge-lipo6s.X/main.asm
          _MAIN_PROG_007A   0x00007f    program     static /home/kwendenarmo/MPLABXProjects/pcm-gauge-lipo6s.X/main.asm
          _MAIN_PROG_0082   0x000087    program     static /home/kwendenarmo/MPLABXProjects/pcm-gauge-lipo6s.X/main.asm
          _MAIN_PROG_0086   0x00008b    program     static /home/kwendenarmo/MPLABXProjects/pcm-gauge-lipo6s.X/main.asm
          _MAIN_PROG_008A   0x00008f    program     static /home/kwendenarmo/MPLABXProjects/pcm-gauge-lipo6s.X/main.asm
          _MAIN_PROG_008E   0x000093    program     static /home/kwendenarmo/MPLABXProjects/pcm-gauge-lipo6s.X/main.asm
          _MAIN_PROG_0092   0x000097    program     static /home/kwendenarmo/MPLABXProjects/pcm-gauge-lipo6s.X/main.asm
          _MAIN_PROG_00A0   0x0000a5    program     static /home/kwendenarmo/MPLABXProjects/pcm-gauge-lipo6s.X/main.asm
          _MAIN_PROG_00B3   0x0000b8    program     static /home/kwendenarmo/MPLABXProjects/pcm-gauge-lipo6s.X/main.asm
          _MAIN_PROG_00B8   0x0000bd    program     static /home/kwendenarmo/MPLABXProjects/pcm-gauge-lipo6s.X/main.asm
          _MAIN_PROG_00BA   0x0000bf    program     static /home/kwendenarmo/MPLABXProjects/pcm-gauge-lipo6s.X/main.asm
          _MAIN_PROG_00CC   0x0000d1    program     static /home/kwendenarmo/MPLABXProjects/pcm-gauge-lipo6s.X/main.asm
          _MAIN_PROG_00D0   0x0000d5    program     static /home/kwendenarmo/MPLABXProjects/pcm-gauge-lipo6s.X/main.asm
          _MAIN_PROG_00D4   0x0000d9    program     static /home/kwendenarmo/MPLABXProjects/pcm-gauge-lipo6s.X/main.asm
          _MAIN_PROG_0128   0x00012d    program     static /home/kwendenarmo/MPLABXProjects/pcm-gauge-lipo6s.X/main.asm
          _MAIN_PROG_012B   0x000130    program     static /home/kwendenarmo/MPLABXProjects/pcm-gauge-lipo6s.X/main.asm
          _MAIN_PROG_0132   0x000137    program     static /home/kwendenarmo/MPLABXProjects/pcm-gauge-lipo6s.X/main.asm
          _MAIN_PROG_0140   0x000145    program     static /home/kwendenarmo/MPLABXProjects/pcm-gauge-lipo6s.X/main.asm
          _MAIN_PROG_0154   0x000159    program     static /home/kwendenarmo/MPLABXProjects/pcm-gauge-lipo6s.X/main.asm
          _MAIN_PROG_0157   0x00015c    program     static /home/kwendenarmo/MPLABXProjects/pcm-gauge-lipo6s.X/main.asm
          _MAIN_PROG_015F   0x000164    program     static /home/kwendenarmo/MPLABXProjects/pcm-gauge-lipo6s.X/main.asm
          _MAIN_PROG_016D   0x000172    program     static /home/kwendenarmo/MPLABXProjects/pcm-gauge-lipo6s.X/main.asm
          _MAIN_PROG_018C   0x000191    program     static /home/kwendenarmo/MPLABXProjects/pcm-gauge-lipo6s.X/main.asm
          _MAIN_PROG_018D   0x000192    program     static /home/kwendenarmo/MPLABXProjects/pcm-gauge-lipo6s.X/main.asm
          _MAIN_PROG_0194   0x000199    program     static /home/kwendenarmo/MPLABXProjects/pcm-gauge-lipo6s.X/main.asm
          _MAIN_PROG_0197   0x00019c    program     static /home/kwendenarmo/MPLABXProjects/pcm-gauge-lipo6s.X/main.asm
          _MAIN_PROG_01A1   0x0001a6    program     static /home/kwendenarmo/MPLABXProjects/pcm-gauge-lipo6s.X/main.asm
          _MAIN_PROG_01A3   0x0001a8    program     static /home/kwendenarmo/MPLABXProjects/pcm-gauge-lipo6s.X/main.asm
          _MAIN_PROG_01A6   0x0001ab    program     static /home/kwendenarmo/MPLABXProjects/pcm-gauge-lipo6s.X/main.asm
                      isr   0x000005    program     static /home/kwendenarmo/MPLABXProjects/pcm-gauge-lipo6s.X/main.asm
                     loop   0x0000b7    program     static /home/kwendenarmo/MPLABXProjects/pcm-gauge-lipo6s.X/main.asm
                     main   0x00006b    program     static /home/kwendenarmo/MPLABXProjects/pcm-gauge-lipo6s.X/main.asm
                    setup   0x000012    program     static /home/kwendenarmo/MPLABXProjects/pcm-gauge-lipo6s.X/main.asm



                              Symbols - Sorted by Address
                     Name    Address   Location    Storage File                     
                ---------  ---------  ---------  --------- ---------                
                      isr   0x000005    program     static /home/kwendenarmo/MPLABXProjects/pcm-gauge-lipo6s.X/main.asm
                    setup   0x000012    program     static /home/kwendenarmo/MPLABXProjects/pcm-gauge-lipo6s.X/main.asm
          _MAIN_PROG_0023   0x000028    program     static /home/kwendenarmo/MPLABXProjects/pcm-gauge-lipo6s.X/main.asm
          _MAIN_PROG_002C   0x000031    program     static /home/kwendenarmo/MPLABXProjects/pcm-gauge-lipo6s.X/main.asm
          _MAIN_PROG_002F   0x000034    program     static /home/kwendenarmo/MPLABXProjects/pcm-gauge-lipo6s.X/main.asm
          _MAIN_PROG_0048   0x00004d    program     static /home/kwendenarmo/MPLABXProjects/pcm-gauge-lipo6s.X/main.asm
                     main   0x00006b    program     static /home/kwendenarmo/MPLABXProjects/pcm-gauge-lipo6s.X/main.asm
          _MAIN_PROG_007A   0x00007f    program     static /home/kwendenarmo/MPLABXProjects/pcm-gauge-lipo6s.X/main.asm
          _MAIN_PROG_0082   0x000087    program     static /home/kwendenarmo/MPLABXProjects/pcm-gauge-lipo6s.X/main.asm
          _MAIN_PROG_0086   0x00008b    program     static /home/kwendenarmo/MPLABXProjects/pcm-gauge-lipo6s.X/main.asm
          _MAIN_PROG_008A   0x00008f    program     static /home/kwendenarmo/MPLABXProjects/pcm-gauge-lipo6s.X/main.asm
          _MAIN_PROG_008E   0x000093    program     static /home/kwendenarmo/MPLABXProjects/pcm-gauge-lipo6s.X/main.asm
          _MAIN_PROG_0092   0x000097    program     static /home/kwendenarmo/MPLABXProjects/pcm-gauge-lipo6s.X/main.asm
          _MAIN_PROG_00A0   0x0000a5    program     static /home/kwendenarmo/MPLABXProjects/pcm-gauge-lipo6s.X/main.asm
                     loop   0x0000b7    program     static /home/kwendenarmo/MPLABXProjects/pcm-gauge-lipo6s.X/main.asm
          _MAIN_PROG_00B3   0x0000b8    program     static /home/kwendenarmo/MPLABXProjects/pcm-gauge-lipo6s.X/main.asm
          _MAIN_PROG_00B8   0x0000bd    program     static /home/kwendenarmo/MPLABXProjects/pcm-gauge-lipo6s.X/main.asm
          _MAIN_PROG_00BA   0x0000bf    program     static /home/kwendenarmo/MPLABXProjects/pcm-gauge-lipo6s.X/main.asm
          _MAIN_PROG_00CC   0x0000d1    program     static /home/kwendenarmo/MPLABXProjects/pcm-gauge-lipo6s.X/main.asm
          _MAIN_PROG_00D0   0x0000d5    program     static /home/kwendenarmo/MPLABXProjects/pcm-gauge-lipo6s.X/main.asm
          _MAIN_PROG_00D4   0x0000d9    program     static /home/kwendenarmo/MPLABXProjects/pcm-gauge-lipo6s.X/main.asm
               Alarm_VMin   0x0000e1    program     static /home/kwendenarmo/MPLABXProjects/pcm-gauge-lipo6s.X/main.asm
               Alarm_VMax   0x0000fb    program     static /home/kwendenarmo/MPLABXProjects/pcm-gauge-lipo6s.X/main.asm
               Alarm_TMax   0x000115    program     static /home/kwendenarmo/MPLABXProjects/pcm-gauge-lipo6s.X/main.asm
             LPF_ADC_Read   0x000127    program     static /home/kwendenarmo/MPLABXProjects/pcm-gauge-lipo6s.X/main.asm
          _MAIN_PROG_0128   0x00012d    program     static /home/kwendenarmo/MPLABXProjects/pcm-gauge-lipo6s.X/main.asm
          _MAIN_PROG_012B   0x000130    program     static /home/kwendenarmo/MPLABXProjects/pcm-gauge-lipo6s.X/main.asm
          _MAIN_PROG_0132   0x000137    program     static /home/kwendenarmo/MPLABXProjects/pcm-gauge-lipo6s.X/main.asm
          _MAIN_PROG_0140   0x000145    program     static /home/kwendenarmo/MPLABXProjects/pcm-gauge-lipo6s.X/main.asm
          _MAIN_PROG_0154   0x000159    program     static /home/kwendenarmo/MPLABXProjects/pcm-gauge-lipo6s.X/main.asm
          _MAIN_PROG_0157   0x00015c    program     static /home/kwendenarmo/MPLABXProjects/pcm-gauge-lipo6s.X/main.asm
          _MAIN_PROG_015F   0x000164    program     static /home/kwendenarmo/MPLABXProjects/pcm-gauge-lipo6s.X/main.asm
          _MAIN_PROG_016D   0x000172    program     static /home/kwendenarmo/MPLABXProjects/pcm-gauge-lipo6s.X/main.asm
            Set_Dutycycle   0x000181    program     static /home/kwendenarmo/MPLABXProjects/pcm-gauge-lipo6s.X/main.asm
                Delay_4us   0x000191    program     static /home/kwendenarmo/MPLABXProjects/pcm-gauge-lipo6s.X/main.asm
          _MAIN_PROG_018C   0x000191    program     static /home/kwendenarmo/MPLABXProjects/pcm-gauge-lipo6s.X/main.asm
          _MAIN_PROG_018D   0x000192    program     static /home/kwendenarmo/MPLABXProjects/pcm-gauge-lipo6s.X/main.asm
               Delay_75ms   0x000194    program     static /home/kwendenarmo/MPLABXProjects/pcm-gauge-lipo6s.X/main.asm
             Delay_75ms_0   0x000198    program     static /home/kwendenarmo/MPLABXProjects/pcm-gauge-lipo6s.X/main.asm
          _MAIN_PROG_0194   0x000199    program     static /home/kwendenarmo/MPLABXProjects/pcm-gauge-lipo6s.X/main.asm
          _MAIN_PROG_0197   0x00019c    program     static /home/kwendenarmo/MPLABXProjects/pcm-gauge-lipo6s.X/main.asm
              Delay_250ms   0x00019f    program     static /home/kwendenarmo/MPLABXProjects/pcm-gauge-lipo6s.X/main.asm
            Delay_250ms_0   0x0001a5    program     static /home/kwendenarmo/MPLABXProjects/pcm-gauge-lipo6s.X/main.asm
          _MAIN_PROG_01A1   0x0001a6    program     static /home/kwendenarmo/MPLABXProjects/pcm-gauge-lipo6s.X/main.asm
          _MAIN_PROG_01A3   0x0001a8    program     static /home/kwendenarmo/MPLABXProjects/pcm-gauge-lipo6s.X/main.asm
          _MAIN_PROG_01A6   0x0001ab    program     static /home/kwendenarmo/MPLABXProjects/pcm-gauge-lipo6s.X/main.asm


